[21-Sep-2025 09:41:52 UTC] RentCast Raw Response: {"status":401,"error":"auth/api-key-invalid","message":"The provided API key is not valid. Manage API keys on your API dashboard: https://app.rentcast.io/app/api"}
[21-Sep-2025 09:41:52 UTC] Skipping property, no valid ID found: 401
[21-Sep-2025 09:41:52 UTC] Skipping property, no valid ID found: auth/api-key-invalid
[21-Sep-2025 09:41:52 UTC] Skipping property, no valid ID found: The provided API key is not valid. Manage API keys on your API dashboard: https://app.rentcast.io/app/api
[21-Sep-2025 09:43:21 UTC] RentCast Raw Response: [{"id":"6512-Swissco-Dr,-Apt-1425,-Orlando,-FL-32822","formattedAddress":"6512 Swissco Dr, Apt 1425, Orlando, FL 32822","addressLine1":"6512 Swissco Dr","addressLine2":"Apt 1425","city":"Orlando","state":"FL","stateFips":"12","zipCode":"32822","county":"Orange","countyFips":"095","latitude":28.46888,"longitude":-81.300667,"propertyType":"Townhouse","bedrooms":1,"bathrooms":1,"squareFootage":856,"status":"Active","price":1450,"listingType":"Standard","listedDate":"2025-09-21T00:00:00.000Z","removedDate":null,"createdDate":"2025-08-11T00:00:00.000Z","lastSeenDate":"2025-09-21T03:46:23.192Z","daysOnMarket":1,"history":{"2025-08-16":{"event":"Rental Listing","price":1450,"listingType":"Standard","listedDate":"2025-08-16T00:00:00.000Z","removedDate":"2025-08-17T00:00:00.000Z","daysOnMarket":1},"2025-09-21":{"event":"Rental Listing","price":1450,"listingType":"Standard","listedDate":"2025-09-21T00:00:00.000Z","removedDate":null,"daysOnMarket":1}}}]
[21-Sep-2025 09:43:21 UTC] Saving property to DB: Array
(
    [listing_id] => 6512-Swissco-Dr,-Apt-1425,-Orlando,-FL-32822
    [address] => 6512 Swissco Dr, Apt 1425, Orlando, FL 32822
    [city] => Orlando
    [state] => FL
    [zip] => 32822
    [bedrooms] => 1
    [bathrooms] => 1
    [sqft] => 856
    [price] => 1450
    [image_url] => https://maps.googleapis.com/maps/api/staticmap?center=6512+Swissco+Dr%2C+Apt+1425%2C+Orlando%2C+FL+32822&zoom=15&size=600x300&markers=color:red%7C6512+Swissco+Dr%2C+Apt+1425%2C+Orlando%2C+FL+32822&key=AIzaSyBLN1XLhQq39mnhXl4ODQIXxq1OOOYAnn8
)

[21-Sep-2025 09:43:21 UTC] DB insert result for Listing ID 6512-Swissco-Dr,-Apt-1425,-Orlando,-FL-32822: 1
[21-Sep-2025 09:44:02 UTC] RentCast Raw Response: [{"id":"6512-Swissco-Dr,-Apt-1425,-Orlando,-FL-32822","formattedAddress":"6512 Swissco Dr, Apt 1425, Orlando, FL 32822","addressLine1":"6512 Swissco Dr","addressLine2":"Apt 1425","city":"Orlando","state":"FL","stateFips":"12","zipCode":"32822","county":"Orange","countyFips":"095","latitude":28.46888,"longitude":-81.300667,"propertyType":"Townhouse","bedrooms":1,"bathrooms":1,"squareFootage":856,"status":"Active","price":1450,"listingType":"Standard","listedDate":"2025-09-21T00:00:00.000Z","removedDate":null,"createdDate":"2025-08-11T00:00:00.000Z","lastSeenDate":"2025-09-21T03:46:23.192Z","daysOnMarket":1,"history":{"2025-08-16":{"event":"Rental Listing","price":1450,"listingType":"Standard","listedDate":"2025-08-16T00:00:00.000Z","removedDate":"2025-08-17T00:00:00.000Z","daysOnMarket":1},"2025-09-21":{"event":"Rental Listing","price":1450,"listingType":"Standard","listedDate":"2025-09-21T00:00:00.000Z","removedDate":null,"daysOnMarket":1}}}]
[21-Sep-2025 09:44:02 UTC] Saving property to DB: Array
(
    [listing_id] => 6512-Swissco-Dr,-Apt-1425,-Orlando,-FL-32822
    [address] => 6512 Swissco Dr, Apt 1425, Orlando, FL 32822
    [city] => Orlando
    [state] => FL
    [zip] => 32822
    [bedrooms] => 1
    [bathrooms] => 1
    [sqft] => 856
    [price] => 1450
    [image_url] => https://maps.googleapis.com/maps/api/staticmap?center=6512+Swissco+Dr%2C+Apt+1425%2C+Orlando%2C+FL+32822&zoom=15&size=600x300&markers=color:red%7C6512+Swissco+Dr%2C+Apt+1425%2C+Orlando%2C+FL+32822&key=AIzaSyBLN1XLhQq39mnhXl4ODQIXxq1OOOYAnn8
)

[21-Sep-2025 09:44:02 UTC] DB insert result for Listing ID 6512-Swissco-Dr,-Apt-1425,-Orlando,-FL-32822: 2
[21-Sep-2025 09:46:51 UTC] RentCast Raw Response: {"status":401,"error":"auth/api-key-invalid","message":"The provided API key is not valid. Manage API keys on your API dashboard: https://app.rentcast.io/app/api"}
[21-Sep-2025 09:46:51 UTC] Skipping property, no valid ID found: 401
[21-Sep-2025 09:46:51 UTC] Skipping property, no valid ID found: auth/api-key-invalid
[21-Sep-2025 09:46:51 UTC] Skipping property, no valid ID found: The provided API key is not valid. Manage API keys on your API dashboard: https://app.rentcast.io/app/api
[21-Sep-2025 09:47:15 UTC] RentCast Raw Response: {"status":401,"error":"auth/api-key-invalid","message":"The provided API key is not valid. Manage API keys on your API dashboard: https://app.rentcast.io/app/api"}
[21-Sep-2025 09:47:15 UTC] Skipping property, no valid ID found: 401
[21-Sep-2025 09:47:15 UTC] Skipping property, no valid ID found: auth/api-key-invalid
[21-Sep-2025 09:47:15 UTC] Skipping property, no valid ID found: The provided API key is not valid. Manage API keys on your API dashboard: https://app.rentcast.io/app/api
[21-Sep-2025 09:56:13 UTC] RentCast Raw Response: {"status":401,"error":"auth/api-key-invalid","message":"The provided API key is not valid. Manage API keys on your API dashboard: https://app.rentcast.io/app/api"}
[21-Sep-2025 09:56:13 UTC] Skipping property, no valid ID found: 401
[21-Sep-2025 09:56:13 UTC] Skipping property, no valid ID found: auth/api-key-invalid
[21-Sep-2025 09:56:13 UTC] Skipping property, no valid ID found: The provided API key is not valid. Manage API keys on your API dashboard: https://app.rentcast.io/app/api
[21-Sep-2025 09:57:17 UTC] RentCast Raw Response: {"status":401,"error":"auth/api-key-invalid","message":"The provided API key is not valid. Manage API keys on your API dashboard: https://app.rentcast.io/app/api"}
[21-Sep-2025 09:57:17 UTC] Skipping property, no valid ID found: 401
[21-Sep-2025 09:57:17 UTC] Skipping property, no valid ID found: auth/api-key-invalid
[21-Sep-2025 09:57:17 UTC] Skipping property, no valid ID found: The provided API key is not valid. Manage API keys on your API dashboard: https://app.rentcast.io/app/api
[21-Sep-2025 09:59:04 UTC] RentCast Raw Response: {"status":401,"error":"auth/api-key-invalid","message":"The provided API key is not valid. Manage API keys on your API dashboard: https://app.rentcast.io/app/api"}
[21-Sep-2025 09:59:04 UTC] Skipping property, no valid ID found: 401
[21-Sep-2025 09:59:04 UTC] Skipping property, no valid ID found: auth/api-key-invalid
[21-Sep-2025 09:59:04 UTC] Skipping property, no valid ID found: The provided API key is not valid. Manage API keys on your API dashboard: https://app.rentcast.io/app/api
[21-Sep-2025 09:59:17 UTC] RentCast Raw Response: {"status":401,"error":"auth/api-key-invalid","message":"The provided API key is not valid. Manage API keys on your API dashboard: https://app.rentcast.io/app/api"}
[21-Sep-2025 09:59:17 UTC] Skipping property, no valid ID found: 401
[21-Sep-2025 09:59:17 UTC] Skipping property, no valid ID found: auth/api-key-invalid
[21-Sep-2025 09:59:17 UTC] Skipping property, no valid ID found: The provided API key is not valid. Manage API keys on your API dashboard: https://app.rentcast.io/app/api
[21-Sep-2025 10:00:51 UTC] RentCast Raw Response: {"status":401,"error":"auth/api-key-invalid","message":"The provided API key is not valid. Manage API keys on your API dashboard: https://app.rentcast.io/app/api"}
[21-Sep-2025 10:00:51 UTC] Skipping property, no valid ID found: 401
[21-Sep-2025 10:00:51 UTC] Skipping property, no valid ID found: auth/api-key-invalid
[21-Sep-2025 10:00:51 UTC] Skipping property, no valid ID found: The provided API key is not valid. Manage API keys on your API dashboard: https://app.rentcast.io/app/api
[21-Sep-2025 10:05:37 UTC] RentCast Raw Response: {"status":401,"error":"auth/api-key-invalid","message":"The provided API key is not valid. Manage API keys on your API dashboard: https://app.rentcast.io/app/api"}
[21-Sep-2025 10:05:37 UTC] Skipping property, no valid ID found: 401
[21-Sep-2025 10:05:37 UTC] Skipping property, no valid ID found: auth/api-key-invalid
[21-Sep-2025 10:05:37 UTC] Skipping property, no valid ID found: The provided API key is not valid. Manage API keys on your API dashboard: https://app.rentcast.io/app/api
[21-Sep-2025 10:15:23 UTC] RentCast Raw Response: {"status":401,"error":"auth/api-key-invalid","message":"The provided API key is not valid. Manage API keys on your API dashboard: https://app.rentcast.io/app/api"}
[21-Sep-2025 10:15:23 UTC] Skipping property, no valid ID found: 401
[21-Sep-2025 10:15:23 UTC] Skipping property, no valid ID found: auth/api-key-invalid
[21-Sep-2025 10:15:23 UTC] Skipping property, no valid ID found: The provided API key is not valid. Manage API keys on your API dashboard: https://app.rentcast.io/app/api
[21-Sep-2025 10:16:58 UTC] RentCast Raw Response: {"status":401,"error":"auth/api-key-invalid","message":"The provided API key is not valid. Manage API keys on your API dashboard: https://app.rentcast.io/app/api"}
[21-Sep-2025 10:16:58 UTC] Skipping property, no valid ID found: 401
[21-Sep-2025 10:16:58 UTC] Skipping property, no valid ID found: auth/api-key-invalid
[21-Sep-2025 10:16:58 UTC] Skipping property, no valid ID found: The provided API key is not valid. Manage API keys on your API dashboard: https://app.rentcast.io/app/api
[21-Sep-2025 10:21:21 UTC] RentCast Raw Response: {"status":401,"error":"auth/api-key-invalid","message":"The provided API key is not valid. Manage API keys on your API dashboard: https://app.rentcast.io/app/api"}
[21-Sep-2025 10:21:21 UTC] Skipping property, no valid ID found: 401
[21-Sep-2025 10:21:21 UTC] Skipping property, no valid ID found: auth/api-key-invalid
[21-Sep-2025 10:21:21 UTC] Skipping property, no valid ID found: The provided API key is not valid. Manage API keys on your API dashboard: https://app.rentcast.io/app/api
[21-Sep-2025 10:23:13 UTC] RentCast Raw Response: {"status":401,"error":"auth/api-key-invalid","message":"The provided API key is not valid. Manage API keys on your API dashboard: https://app.rentcast.io/app/api"}
[21-Sep-2025 10:23:13 UTC] Skipping property, no valid ID found: 401
[21-Sep-2025 10:23:13 UTC] Skipping property, no valid ID found: auth/api-key-invalid
[21-Sep-2025 10:23:13 UTC] Skipping property, no valid ID found: The provided API key is not valid. Manage API keys on your API dashboard: https://app.rentcast.io/app/api
[21-Sep-2025 10:23:33 UTC] RentCast Raw Response: {"status":401,"error":"auth/api-key-invalid","message":"The provided API key is not valid. Manage API keys on your API dashboard: https://app.rentcast.io/app/api"}
[21-Sep-2025 10:23:33 UTC] Skipping property, no valid ID found: 401
[21-Sep-2025 10:23:33 UTC] Skipping property, no valid ID found: auth/api-key-invalid
[21-Sep-2025 10:23:33 UTC] Skipping property, no valid ID found: The provided API key is not valid. Manage API keys on your API dashboard: https://app.rentcast.io/app/api
[21-Sep-2025 10:25:16 UTC] RentCast Raw Response: {"status":401,"error":"auth/api-key-invalid","message":"The provided API key is not valid. Manage API keys on your API dashboard: https://app.rentcast.io/app/api"}
[21-Sep-2025 10:25:16 UTC] Skipping property, no valid ID found: 401
[21-Sep-2025 10:25:16 UTC] Skipping property, no valid ID found: auth/api-key-invalid
[21-Sep-2025 10:25:16 UTC] Skipping property, no valid ID found: The provided API key is not valid. Manage API keys on your API dashboard: https://app.rentcast.io/app/api
[21-Sep-2025 10:25:34 UTC] RentCast Raw Response: {"status":401,"error":"auth/api-key-invalid","message":"The provided API key is not valid. Manage API keys on your API dashboard: https://app.rentcast.io/app/api"}
[21-Sep-2025 10:25:34 UTC] Skipping property, no valid ID found: 401
[21-Sep-2025 10:25:34 UTC] Skipping property, no valid ID found: auth/api-key-invalid
[21-Sep-2025 10:25:34 UTC] Skipping property, no valid ID found: The provided API key is not valid. Manage API keys on your API dashboard: https://app.rentcast.io/app/api
[21-Sep-2025 10:26:47 UTC] RentCast Raw Response: [{"id":"6512-Swissco-Dr,-Apt-1425,-Orlando,-FL-32822","formattedAddress":"6512 Swissco Dr, Apt 1425, Orlando, FL 32822","addressLine1":"6512 Swissco Dr","addressLine2":"Apt 1425","city":"Orlando","state":"FL","stateFips":"12","zipCode":"32822","county":"Orange","countyFips":"095","latitude":28.46888,"longitude":-81.300667,"propertyType":"Townhouse","bedrooms":1,"bathrooms":1,"squareFootage":856,"status":"Active","price":1450,"listingType":"Standard","listedDate":"2025-09-21T00:00:00.000Z","removedDate":null,"createdDate":"2025-08-11T00:00:00.000Z","lastSeenDate":"2025-09-21T03:46:23.192Z","daysOnMarket":1,"history":{"2025-08-16":{"event":"Rental Listing","price":1450,"listingType":"Standard","listedDate":"2025-08-16T00:00:00.000Z","removedDate":"2025-08-17T00:00:00.000Z","daysOnMarket":1},"2025-09-21":{"event":"Rental Listing","price":1450,"listingType":"Standard","listedDate":"2025-09-21T00:00:00.000Z","removedDate":null,"daysOnMarket":1}}},{"id":"3455-Westchester-Square-Blvd,---1,-Orlando,-FL-32835","formattedAddress":"3455 Westchester Square Blvd, # 1, Orlando, FL 32835","addressLine1":"3455 Westchester Square Blvd","addressLine2":"# 1","city":"Orlando","state":"FL","stateFips":"12","zipCode":"32835","county":"Orange","countyFips":"095","latitude":28.50699,"longitude":-81.472038,"propertyType":"Townhouse","bedrooms":1,"bathrooms":1,"squareFootage":658,"status":"Active","price":1375,"listingType":"Standard","listedDate":"2025-09-21T00:00:00.000Z","removedDate":null,"createdDate":"2025-07-14T00:00:00.000Z","lastSeenDate":"2025-09-21T03:46:23.191Z","daysOnMarket":1,"history":{"2025-07-15":{"event":"Rental Listing","price":1400,"listingType":"Standard","listedDate":"2025-07-15T00:00:00.000Z","removedDate":"2025-07-16T00:00:00.000Z","daysOnMarket":1},"2025-09-07":{"event":"Rental Listing","price":1375,"listingType":"Standard","listedDate":"2025-09-07T00:00:00.000Z","removedDate":"2025-09-08T00:00:00.000Z","daysOnMarket":1},"2025-09-21":{"event":"Rental Listing","price":1375,"listingType":"Standard","listedDate":"2025-09-21T00:00:00.000Z","removedDate":null,"daysOnMarket":1}}}]
[21-Sep-2025 10:26:47 UTC] Saving property to DB: Array
(
    [listing_id] => 6512-Swissco-Dr,-Apt-1425,-Orlando,-FL-32822
    [address] => 6512 Swissco Dr, Apt 1425, Orlando, FL 32822
    [city] => Orlando
    [state] => FL
    [zip] => 32822
    [bedrooms] => 1
    [bathrooms] => 1
    [sqft] => 856
    [price] => 1450
    [image_url] => 
)

[21-Sep-2025 10:26:48 UTC] DB insert result for Listing ID 6512-Swissco-Dr,-Apt-1425,-Orlando,-FL-32822: 2
[21-Sep-2025 10:26:48 UTC] Saving property to DB: Array
(
    [listing_id] => 3455-Westchester-Square-Blvd,---1,-Orlando,-FL-32835
    [address] => 3455 Westchester Square Blvd, # 1, Orlando, FL 32835
    [city] => Orlando
    [state] => FL
    [zip] => 32835
    [bedrooms] => 1
    [bathrooms] => 1
    [sqft] => 658
    [price] => 1375
    [image_url] => 
)

[21-Sep-2025 10:26:48 UTC] DB insert result for Listing ID 3455-Westchester-Square-Blvd,---1,-Orlando,-FL-32835: 1
[21-Sep-2025 10:27:20 UTC] RentCast Raw Response: [{"id":"6512-Swissco-Dr,-Apt-1425,-Orlando,-FL-32822","formattedAddress":"6512 Swissco Dr, Apt 1425, Orlando, FL 32822","addressLine1":"6512 Swissco Dr","addressLine2":"Apt 1425","city":"Orlando","state":"FL","stateFips":"12","zipCode":"32822","county":"Orange","countyFips":"095","latitude":28.46888,"longitude":-81.300667,"propertyType":"Townhouse","bedrooms":1,"bathrooms":1,"squareFootage":856,"status":"Active","price":1450,"listingType":"Standard","listedDate":"2025-09-21T00:00:00.000Z","removedDate":null,"createdDate":"2025-08-11T00:00:00.000Z","lastSeenDate":"2025-09-21T03:46:23.192Z","daysOnMarket":1,"history":{"2025-08-16":{"event":"Rental Listing","price":1450,"listingType":"Standard","listedDate":"2025-08-16T00:00:00.000Z","removedDate":"2025-08-17T00:00:00.000Z","daysOnMarket":1},"2025-09-21":{"event":"Rental Listing","price":1450,"listingType":"Standard","listedDate":"2025-09-21T00:00:00.000Z","removedDate":null,"daysOnMarket":1}}},{"id":"3455-Westchester-Square-Blvd,---1,-Orlando,-FL-32835","formattedAddress":"3455 Westchester Square Blvd, # 1, Orlando, FL 32835","addressLine1":"3455 Westchester Square Blvd","addressLine2":"# 1","city":"Orlando","state":"FL","stateFips":"12","zipCode":"32835","county":"Orange","countyFips":"095","latitude":28.50699,"longitude":-81.472038,"propertyType":"Townhouse","bedrooms":1,"bathrooms":1,"squareFootage":658,"status":"Active","price":1375,"listingType":"Standard","listedDate":"2025-09-21T00:00:00.000Z","removedDate":null,"createdDate":"2025-07-14T00:00:00.000Z","lastSeenDate":"2025-09-21T03:46:23.191Z","daysOnMarket":1,"history":{"2025-07-15":{"event":"Rental Listing","price":1400,"listingType":"Standard","listedDate":"2025-07-15T00:00:00.000Z","removedDate":"2025-07-16T00:00:00.000Z","daysOnMarket":1},"2025-09-07":{"event":"Rental Listing","price":1375,"listingType":"Standard","listedDate":"2025-09-07T00:00:00.000Z","removedDate":"2025-09-08T00:00:00.000Z","daysOnMarket":1},"2025-09-21":{"event":"Rental Listing","price":1375,"listingType":"Standard","listedDate":"2025-09-21T00:00:00.000Z","removedDate":null,"daysOnMarket":1}}}]
[21-Sep-2025 10:27:20 UTC] Saving property to DB: Array
(
    [listing_id] => 6512-Swissco-Dr,-Apt-1425,-Orlando,-FL-32822
    [address] => 6512 Swissco Dr, Apt 1425, Orlando, FL 32822
    [city] => Orlando
    [state] => FL
    [zip] => 32822
    [bedrooms] => 1
    [bathrooms] => 1
    [sqft] => 856
    [price] => 1450
    [image_url] => 
)

[21-Sep-2025 10:27:20 UTC] DB insert result for Listing ID 6512-Swissco-Dr,-Apt-1425,-Orlando,-FL-32822: 2
[21-Sep-2025 10:27:20 UTC] Saving property to DB: Array
(
    [listing_id] => 3455-Westchester-Square-Blvd,---1,-Orlando,-FL-32835
    [address] => 3455 Westchester Square Blvd, # 1, Orlando, FL 32835
    [city] => Orlando
    [state] => FL
    [zip] => 32835
    [bedrooms] => 1
    [bathrooms] => 1
    [sqft] => 658
    [price] => 1375
    [image_url] => 
)

[21-Sep-2025 10:27:20 UTC] DB insert result for Listing ID 3455-Westchester-Square-Blvd,---1,-Orlando,-FL-32835: 2
[21-Sep-2025 10:29:33 UTC] RentCast Raw Response: [{"id":"6512-Swissco-Dr,-Apt-1425,-Orlando,-FL-32822","formattedAddress":"6512 Swissco Dr, Apt 1425, Orlando, FL 32822","addressLine1":"6512 Swissco Dr","addressLine2":"Apt 1425","city":"Orlando","state":"FL","stateFips":"12","zipCode":"32822","county":"Orange","countyFips":"095","latitude":28.46888,"longitude":-81.300667,"propertyType":"Townhouse","bedrooms":1,"bathrooms":1,"squareFootage":856,"status":"Active","price":1450,"listingType":"Standard","listedDate":"2025-09-21T00:00:00.000Z","removedDate":null,"createdDate":"2025-08-11T00:00:00.000Z","lastSeenDate":"2025-09-21T03:46:23.192Z","daysOnMarket":1,"history":{"2025-08-16":{"event":"Rental Listing","price":1450,"listingType":"Standard","listedDate":"2025-08-16T00:00:00.000Z","removedDate":"2025-08-17T00:00:00.000Z","daysOnMarket":1},"2025-09-21":{"event":"Rental Listing","price":1450,"listingType":"Standard","listedDate":"2025-09-21T00:00:00.000Z","removedDate":null,"daysOnMarket":1}}},{"id":"3455-Westchester-Square-Blvd,---1,-Orlando,-FL-32835","formattedAddress":"3455 Westchester Square Blvd, # 1, Orlando, FL 32835","addressLine1":"3455 Westchester Square Blvd","addressLine2":"# 1","city":"Orlando","state":"FL","stateFips":"12","zipCode":"32835","county":"Orange","countyFips":"095","latitude":28.50699,"longitude":-81.472038,"propertyType":"Townhouse","bedrooms":1,"bathrooms":1,"squareFootage":658,"status":"Active","price":1375,"listingType":"Standard","listedDate":"2025-09-21T00:00:00.000Z","removedDate":null,"createdDate":"2025-07-14T00:00:00.000Z","lastSeenDate":"2025-09-21T03:46:23.191Z","daysOnMarket":1,"history":{"2025-07-15":{"event":"Rental Listing","price":1400,"listingType":"Standard","listedDate":"2025-07-15T00:00:00.000Z","removedDate":"2025-07-16T00:00:00.000Z","daysOnMarket":1},"2025-09-07":{"event":"Rental Listing","price":1375,"listingType":"Standard","listedDate":"2025-09-07T00:00:00.000Z","removedDate":"2025-09-08T00:00:00.000Z","daysOnMarket":1},"2025-09-21":{"event":"Rental Listing","price":1375,"listingType":"Standard","listedDate":"2025-09-21T00:00:00.000Z","removedDate":null,"daysOnMarket":1}}}]
[21-Sep-2025 10:29:33 UTC] Saving property to DB: Array
(
    [listing_id] => 6512-Swissco-Dr,-Apt-1425,-Orlando,-FL-32822
    [address] => 6512 Swissco Dr, Apt 1425, Orlando, FL 32822
    [city] => Orlando
    [state] => FL
    [zip] => 32822
    [bedrooms] => 1
    [bathrooms] => 1
    [sqft] => 856
    [price] => 1450
    [image_url] => 
)

[21-Sep-2025 10:29:33 UTC] DB insert result for Listing ID 6512-Swissco-Dr,-Apt-1425,-Orlando,-FL-32822: 2
[21-Sep-2025 10:29:33 UTC] Saving property to DB: Array
(
    [listing_id] => 3455-Westchester-Square-Blvd,---1,-Orlando,-FL-32835
    [address] => 3455 Westchester Square Blvd, # 1, Orlando, FL 32835
    [city] => Orlando
    [state] => FL
    [zip] => 32835
    [bedrooms] => 1
    [bathrooms] => 1
    [sqft] => 658
    [price] => 1375
    [image_url] => 
)

[21-Sep-2025 10:29:33 UTC] DB insert result for Listing ID 3455-Westchester-Square-Blvd,---1,-Orlando,-FL-32835: 2
[21-Sep-2025 10:29:56 UTC] RentCast Raw Response: [{"id":"6512-Swissco-Dr,-Apt-1425,-Orlando,-FL-32822","formattedAddress":"6512 Swissco Dr, Apt 1425, Orlando, FL 32822","addressLine1":"6512 Swissco Dr","addressLine2":"Apt 1425","city":"Orlando","state":"FL","stateFips":"12","zipCode":"32822","county":"Orange","countyFips":"095","latitude":28.46888,"longitude":-81.300667,"propertyType":"Townhouse","bedrooms":1,"bathrooms":1,"squareFootage":856,"status":"Active","price":1450,"listingType":"Standard","listedDate":"2025-09-21T00:00:00.000Z","removedDate":null,"createdDate":"2025-08-11T00:00:00.000Z","lastSeenDate":"2025-09-21T03:46:23.192Z","daysOnMarket":1,"history":{"2025-08-16":{"event":"Rental Listing","price":1450,"listingType":"Standard","listedDate":"2025-08-16T00:00:00.000Z","removedDate":"2025-08-17T00:00:00.000Z","daysOnMarket":1},"2025-09-21":{"event":"Rental Listing","price":1450,"listingType":"Standard","listedDate":"2025-09-21T00:00:00.000Z","removedDate":null,"daysOnMarket":1}}},{"id":"3455-Westchester-Square-Blvd,---1,-Orlando,-FL-32835","formattedAddress":"3455 Westchester Square Blvd, # 1, Orlando, FL 32835","addressLine1":"3455 Westchester Square Blvd","addressLine2":"# 1","city":"Orlando","state":"FL","stateFips":"12","zipCode":"32835","county":"Orange","countyFips":"095","latitude":28.50699,"longitude":-81.472038,"propertyType":"Townhouse","bedrooms":1,"bathrooms":1,"squareFootage":658,"status":"Active","price":1375,"listingType":"Standard","listedDate":"2025-09-21T00:00:00.000Z","removedDate":null,"createdDate":"2025-07-14T00:00:00.000Z","lastSeenDate":"2025-09-21T03:46:23.191Z","daysOnMarket":1,"history":{"2025-07-15":{"event":"Rental Listing","price":1400,"listingType":"Standard","listedDate":"2025-07-15T00:00:00.000Z","removedDate":"2025-07-16T00:00:00.000Z","daysOnMarket":1},"2025-09-07":{"event":"Rental Listing","price":1375,"listingType":"Standard","listedDate":"2025-09-07T00:00:00.000Z","removedDate":"2025-09-08T00:00:00.000Z","daysOnMarket":1},"2025-09-21":{"event":"Rental Listing","price":1375,"listingType":"Standard","listedDate":"2025-09-21T00:00:00.000Z","removedDate":null,"daysOnMarket":1}}}]
[21-Sep-2025 10:29:56 UTC] Saving property to DB: Array
(
    [listing_id] => 6512-Swissco-Dr,-Apt-1425,-Orlando,-FL-32822
    [address] => 6512 Swissco Dr, Apt 1425, Orlando, FL 32822
    [city] => Orlando
    [state] => FL
    [zip] => 32822
    [bedrooms] => 1
    [bathrooms] => 1
    [sqft] => 856
    [price] => 1450
    [image_url] => 
)

[21-Sep-2025 10:29:56 UTC] DB insert result for Listing ID 6512-Swissco-Dr,-Apt-1425,-Orlando,-FL-32822: 2
[21-Sep-2025 10:29:56 UTC] Saving property to DB: Array
(
    [listing_id] => 3455-Westchester-Square-Blvd,---1,-Orlando,-FL-32835
    [address] => 3455 Westchester Square Blvd, # 1, Orlando, FL 32835
    [city] => Orlando
    [state] => FL
    [zip] => 32835
    [bedrooms] => 1
    [bathrooms] => 1
    [sqft] => 658
    [price] => 1375
    [image_url] => 
)

[21-Sep-2025 10:29:56 UTC] DB insert result for Listing ID 3455-Westchester-Square-Blvd,---1,-Orlando,-FL-32835: 2
[22-Sep-2025 03:50:30 UTC] PHP Fatal error:  Uncaught ValueError: Path cannot be empty in C:\xampp\htdocs\mary\wp-content\themes\astra-child\dashboard-templates\am\am-tab-clients.php:322
Stack trace:
#0 C:\xampp\htdocs\mary\wp-content\themes\astra-child\dashboard-templates\am\admin-dashboard.php(100): include()
#1 C:\xampp\htdocs\mary\wp-content\themes\astra-child\functions.php(230): include('C:\\xampp\\htdocs...')
#2 C:\xampp\htdocs\mary\wp-includes\shortcodes.php(434): mdk_dashboard_shortcode(Array, '', 'mdk_admin_dashb...')
#3 [internal function]: do_shortcode_tag(Array)
#4 C:\xampp\htdocs\mary\wp-includes\shortcodes.php(273): preg_replace_callback('/\\[(\\[?)(mdk_ad...', 'do_shortcode_ta...', '[mdk_admin_dash...')
#5 C:\xampp\htdocs\mary\wp-includes\class-wp-hook.php(324): do_shortcode('[mdk_admin_dash...')
#6 C:\xampp\htdocs\mary\wp-includes\plugin.php(205): WP_Hook->apply_filters('[mdk_admin_dash...', Array)
#7 C:\xampp\htdocs\mary\wp-includes\post-template.php(256): apply_filters('the_content', '<!-- wp:shortco...')
#8 C:\xampp\htdocs\mary\wp-content\themes\astra\template-parts\single\content-header.php(37): the_content()
#9 C:\xampp\htdocs\mary\wp-includes\template.php(812): require('C:\\xampp\\htdocs...')
#10 C:\xampp\htdocs\mary\wp-includes\template.php(745): load_template('C:\\xampp\\htdocs...', false, Array)
#11 C:\xampp\htdocs\mary\wp-includes\general-template.php(206): locate_template(Array, true, false, Array)
#12 C:\xampp\htdocs\mary\wp-content\themes\astra\inc\template-parts.php(370): get_template_part('template-parts/...')
#13 C:\xampp\htdocs\mary\wp-includes\class-wp-hook.php(324): astra_entry_content_single_page_template('')
#14 C:\xampp\htdocs\mary\wp-includes\class-wp-hook.php(348): WP_Hook->apply_filters('', Array)
#15 C:\xampp\htdocs\mary\wp-includes\plugin.php(517): WP_Hook->do_action(Array)
#16 C:\xampp\htdocs\mary\wp-content\themes\astra\inc\core\theme-hooks.php(450): do_action('astra_entry_con...')
#17 C:\xampp\htdocs\mary\wp-content\themes\astra\template-parts\content-page.php(28): astra_entry_content_single_page()
#18 C:\xampp\htdocs\mary\wp-includes\template.php(812): require('C:\\xampp\\htdocs...')
#19 C:\xampp\htdocs\mary\wp-includes\template.php(745): load_template('C:\\xampp\\htdocs...', false, Array)
#20 C:\xampp\htdocs\mary\wp-includes\general-template.php(206): locate_template(Array, true, false, Array)
#21 C:\xampp\htdocs\mary\wp-content\themes\astra\inc\class-astra-loop.php(109): get_template_part('template-parts/...', 'page')
#22 C:\xampp\htdocs\mary\wp-includes\class-wp-hook.php(324): Astra_Loop->template_parts_page('')
#23 C:\xampp\htdocs\mary\wp-includes\class-wp-hook.php(348): WP_Hook->apply_filters('', Array)
#24 C:\xampp\htdocs\mary\wp-includes\plugin.php(517): WP_Hook->do_action(Array)
#25 C:\xampp\htdocs\mary\wp-content\themes\astra\inc\class-astra-loop.php(197): do_action('astra_page_temp...')
#26 C:\xampp\htdocs\mary\wp-content\themes\astra\inc\class-astra-loop.php(174): Astra_Loop->loop_markup(true)
#27 C:\xampp\htdocs\mary\wp-includes\class-wp-hook.php(324): Astra_Loop->loop_markup_page('')
#28 C:\xampp\htdocs\mary\wp-includes\class-wp-hook.php(348): WP_Hook->apply_filters('', Array)
#29 C:\xampp\htdocs\mary\wp-includes\plugin.php(517): WP_Hook->do_action(Array)
#30 C:\xampp\htdocs\mary\wp-content\themes\astra\inc\core\theme-hooks.php(265): do_action('astra_content_p...')
#31 C:\xampp\htdocs\mary\wp-content\themes\astra\page.php(32): astra_content_page_loop()
#32 C:\xampp\htdocs\mary\wp-includes\template-loader.php(106): include('C:\\xampp\\htdocs...')
#33 C:\xampp\htdocs\mary\wp-blog-header.php(19): require_once('C:\\xampp\\htdocs...')
#34 C:\xampp\htdocs\mary\index.php(17): require('C:\\xampp\\htdocs...')
#35 {main}
  thrown in C:\xampp\htdocs\mary\wp-content\themes\astra-child\dashboard-templates\am\am-tab-clients.php on line 322
